// Jest Snapshot v1, https://goo.gl/fbAQLP

exports[`Avatar should show an avatar 1`] = `
<div>
  <svg
    preserveAspectRatio="xMidYMid meet"
    viewBox="0 0 50 50"
    xmlns="http://www.w3.org/2000/svg"
  >
    <path
      d="M15 7a4,4 0 1,1 8,0a4,4 0 1,1 -8,0M27 7a4,4 0 1,1 8,0a4,4 0 1,1 -8,0M27 43a4,4 0 1,1 8,0a4,4 0 1,1 -8,0M15 43a4,4 0 1,1 8,0a4,4 0 1,1 -8,0M3 19a4,4 0 1,1 8,0a4,4 0 1,1 -8,0M39 19a4,4 0 1,1 8,0a4,4 0 1,1 -8,0M39 31a4,4 0 1,1 8,0a4,4 0 1,1 -8,0M3 31a4,4 0 1,1 8,0a4,4 0 1,1 -8,0"
      fill="#545454"
    />
    <path
      d="M1 7L7 1L13 7L7 13ZM43 1L49 7L43 13L37 7ZM49 43L43 49L37 43L43 37ZM7 49L1 43L7 37L13 43ZM13 13L25 13L25 25L13 25ZM17.3 20.4a3.1,3.1 0 1,0 6.2,0a3.1,3.1 0 1,0 -6.2,0M37 13L37 25L25 25L25 13ZM26.4 20.4a3.1,3.1 0 1,0 6.2,0a3.1,3.1 0 1,0 -6.2,0M37 37L25 37L25 25L37 25ZM26.4 29.6a3.1,3.1 0 1,0 6.2,0a3.1,3.1 0 1,0 -6.2,0M13 37L13 25L25 25L25 37ZM17.3 29.6a3.1,3.1 0 1,0 6.2,0a3.1,3.1 0 1,0 -6.2,0"
      fill="#d1757a"
    />
  </svg>
</div>
`;
